Copyright 1986-2018 Xilinx, Inc. All Rights Reserved.
--------------------------------------------------------------------------------------
| Tool Version : Vivado v.2018.2 (win64) Build 2258646 Thu Jun 14 20:03:12 MDT 2018
| Date         : Mon Dec  9 01:29:39 2019
| Host         : LAPTOP-9CDK2BBH running 64-bit major release  (build 9200)
| Command      : report_control_sets -verbose -file top_level_control_sets_placed.rpt
| Design       : top_level
| Device       : xc7a100t
--------------------------------------------------------------------------------------

Control Set Information

Table of Contents
-----------------
1. Summary
2. Histogram
3. Flip-Flop Distribution
4. Detailed Control Set Information

1. Summary
----------

+----------------------------------------------------------+-------+
|                          Status                          | Count |
+----------------------------------------------------------+-------+
| Number of unique control sets                            |   406 |
| Unused register locations in slices containing registers |  1348 |
+----------------------------------------------------------+-------+


2. Histogram
------------

+--------+--------------+
| Fanout | Control Sets |
+--------+--------------+
|      2 |           38 |
|      4 |           38 |
|      8 |           11 |
|     10 |           10 |
|     12 |            3 |
|     14 |           20 |
|    16+ |          286 |
+--------+--------------+


3. Flip-Flop Distribution
-------------------------

+--------------+-----------------------+------------------------+-----------------+--------------+
| Clock Enable | Synchronous Set/Reset | Asynchronous Set/Reset | Total Registers | Total Slices |
+--------------+-----------------------+------------------------+-----------------+--------------+
| No           | No                    | No                     |             830 |          221 |
| No           | No                    | Yes                    |               0 |            0 |
| No           | Yes                   | No                     |            1852 |          357 |
| Yes          | No                    | No                     |            7432 |         1009 |
| Yes          | No                    | Yes                    |               0 |            0 |
| Yes          | Yes                   | No                     |            4666 |          779 |
+--------------+-----------------------+------------------------+-----------------+--------------+


4. Detailed Control Set Information
-----------------------------------

+-------------------------------------------------------+---------------------------------------------------------------------+---------------------------------------------------------+------------------+----------------+
|                      Clock Signal                     |                            Enable Signal                            |                     Set/Reset Signal                    | Slice Load Count | Bel Load Count |
+-------------------------------------------------------+---------------------------------------------------------------------+---------------------------------------------------------+------------------+----------------+
|  bin_maze_filt/genblk1[0].inst/h_reg[16]_i_2_n_0      |                                                                     | bin_maze_filt/genblk1[0].inst/h_reg[16]_i_3_n_0         |                1 |              2 |
|  clkdivider/inst/clk_out1                             | bin_maze_filt/genblk1[6].inst/h_div1/divider_copy[21]_i_1__5_n_0    | bin_maze_filt/genblk1[6].inst/i___5_n_0                 |                1 |              2 |
|  clkdivider/inst/clk_out1                             | bin_maze_filt/genblk1[1].inst/h_div1/divider_copy[21]_i_1__0_n_0    | bin_maze_filt/genblk1[1].inst/i___5_n_0                 |                1 |              2 |
|  bin_maze_filt/genblk1[10].inst/h_reg[16]_i_2__9_n_0  |                                                                     | bin_maze_filt/genblk1[10].inst/h_reg[16]_i_3__9_n_0     |                1 |              2 |
|  bin_maze_filt/genblk1[1].inst/h_reg[16]_i_2__0_n_0   |                                                                     | bin_maze_filt/genblk1[1].inst/h_reg[16]_i_3__0_n_0      |                1 |              2 |
|  clkdivider/inst/clk_out1                             | bin_maze_filt/genblk1[8].inst/h_div1/divider_copy[21]_i_1__7_n_0    | bin_maze_filt/genblk1[8].inst/i___5_n_0                 |                1 |              2 |
|  clkdivider/inst/clk_out1                             | bin_maze_filt/genblk1[5].inst/h_div1/divider_copy[21]_i_1__4_n_0    | bin_maze_filt/genblk1[5].inst/i___5_n_0                 |                1 |              2 |
|  bin_maze_filt/genblk1[2].inst/h_reg[16]_i_2__1_n_0   |                                                                     | bin_maze_filt/genblk1[2].inst/h_reg[16]_i_3__1_n_0      |                1 |              2 |
|  clkdivider/inst/clk_out1                             | bin_maze_filt/genblk1[17].inst/h_div1/divider_copy[21]_i_1__16_n_0  | bin_maze_filt/genblk1[17].inst/i___5_n_0                |                1 |              2 |
|  bin_maze_filt/genblk1[3].inst/h_reg[16]_i_2__2_n_0   |                                                                     | bin_maze_filt/genblk1[3].inst/h_reg[16]_i_3__2_n_0      |                1 |              2 |
|  bin_maze_filt/genblk1[4].inst/h_reg[16]_i_2__3_n_0   |                                                                     | bin_maze_filt/genblk1[4].inst/h_reg[16]_i_3__3_n_0      |                1 |              2 |
|  clkdivider/inst/clk_out1                             | bin_maze_filt/genblk1[0].inst/h_div1/divider_copy[21]_i_1_n_0       | bin_maze_filt/genblk1[0].inst/i___5_n_0                 |                1 |              2 |
|  bin_maze_filt/genblk1[5].inst/h_reg[16]_i_2__4_n_0   |                                                                     | bin_maze_filt/genblk1[5].inst/h_reg[16]_i_3__4_n_0      |                1 |              2 |
|  clkdivider/inst/clk_out1                             | bin_maze_filt/genblk1[13].inst/h_div1/divider_copy[21]_i_1__12_n_0  | bin_maze_filt/genblk1[13].inst/i___5_n_0                |                1 |              2 |
|  clkdivider/inst/clk_out1                             | bin_maze_filt/genblk1[10].inst/h_div1/divider_copy[21]_i_1__9_n_0   | bin_maze_filt/genblk1[10].inst/i___5_n_0                |                1 |              2 |
|  bin_maze_filt/genblk1[6].inst/h_reg[16]_i_2__5_n_0   |                                                                     | bin_maze_filt/genblk1[6].inst/h_reg[16]_i_3__5_n_0      |                1 |              2 |
|  bin_maze_filt/genblk1[7].inst/h_reg[16]_i_2__6_n_0   |                                                                     | bin_maze_filt/genblk1[7].inst/h_reg[16]_i_3__6_n_0      |                1 |              2 |
|  clkdivider/inst/clk_out1                             | bin_maze_filt/genblk1[11].inst/h_div1/divider_copy[21]_i_1__10_n_0  | bin_maze_filt/genblk1[11].inst/i___5_n_0                |                1 |              2 |
|  clkdivider/inst/clk_out1                             | bin_maze_filt/genblk1[14].inst/h_div1/divider_copy[21]_i_1__13_n_0  | bin_maze_filt/genblk1[14].inst/i___5_n_0                |                1 |              2 |
|  bin_maze_filt/genblk1[16].inst/h_reg[16]_i_2__15_n_0 |                                                                     | bin_maze_filt/genblk1[16].inst/h_reg[16]_i_3__15_n_0    |                1 |              2 |
|  clkdivider/inst/clk_out1                             | bin_maze_filt/genblk1[12].inst/h_div1/divider_copy[21]_i_1__11_n_0  | bin_maze_filt/genblk1[12].inst/i___5_n_0                |                1 |              2 |
|  bin_maze_filt/genblk1[8].inst/h_reg[16]_i_2__7_n_0   |                                                                     | bin_maze_filt/genblk1[8].inst/h_reg[16]_i_3__7_n_0      |                1 |              2 |
|  clkdivider/inst/clk_out1                             | bin_maze_filt/genblk1[7].inst/h_div1/divider_copy[21]_i_1__6_n_0    | bin_maze_filt/genblk1[7].inst/i___5_n_0                 |                1 |              2 |
|  bin_maze_filt/genblk1[9].inst/h_reg[16]_i_2__8_n_0   |                                                                     | bin_maze_filt/genblk1[9].inst/h_reg[16]_i_3__8_n_0      |                1 |              2 |
|  bin_maze_filt/genblk1[11].inst/h_reg[16]_i_2__10_n_0 |                                                                     | bin_maze_filt/genblk1[11].inst/h_reg[16]_i_3__10_n_0    |                1 |              2 |
|  clkdivider/inst/clk_out1                             | bin_maze_filt/genblk1[16].inst/h_div1/divider_copy[21]_i_1__15_n_0  | bin_maze_filt/genblk1[16].inst/i___5_n_0                |                1 |              2 |
|  clkdivider/inst/clk_out1                             | bin_maze_filt/genblk1[9].inst/h_div1/divider_copy[21]_i_1__8_n_0    | bin_maze_filt/genblk1[9].inst/i___5_n_0                 |                1 |              2 |
|  bin_maze_filt/genblk1[12].inst/h_reg[16]_i_2__11_n_0 |                                                                     | bin_maze_filt/genblk1[12].inst/h_reg[16]_i_3__11_n_0    |                1 |              2 |
|  bin_maze_filt/genblk1[13].inst/h_reg[16]_i_2__12_n_0 |                                                                     | bin_maze_filt/genblk1[13].inst/h_reg[16]_i_3__12_n_0    |                1 |              2 |
|  clkdivider/inst/clk_out1                             | bin_maze_filt/genblk1[4].inst/h_div1/divider_copy[21]_i_1__3_n_0    | bin_maze_filt/genblk1[4].inst/i___5_n_0                 |                1 |              2 |
|  clkdivider/inst/clk_out1                             | bin_maze_filt/genblk1[3].inst/h_div1/divider_copy[21]_i_1__2_n_0    | bin_maze_filt/genblk1[3].inst/i___5_n_0                 |                1 |              2 |
|  bin_maze_filt/genblk1[14].inst/h_reg[16]_i_2__13_n_0 |                                                                     | bin_maze_filt/genblk1[14].inst/h_reg[16]_i_3__13_n_0    |                1 |              2 |
|  clkdivider/inst/clk_out1                             | bin_maze_filt/genblk1[18].inst/h_div1/divider_copy[21]_i_1__17_n_0  | bin_maze_filt/genblk1[18].inst/i___5_n_0                |                1 |              2 |
|  bin_maze_filt/genblk1[15].inst/h_reg[16]_i_2__14_n_0 |                                                                     | bin_maze_filt/genblk1[15].inst/h_reg[16]_i_3__14_n_0    |                1 |              2 |
|  clkdivider/inst/clk_out1                             | bin_maze_filt/genblk1[2].inst/h_div1/divider_copy[21]_i_1__1_n_0    | bin_maze_filt/genblk1[2].inst/i___5_n_0                 |                1 |              2 |
|  bin_maze_filt/genblk1[17].inst/h_reg[16]_i_2__16_n_0 |                                                                     | bin_maze_filt/genblk1[17].inst/h_reg[16]_i_3__16_n_0    |                1 |              2 |
|  clkdivider/inst/clk_out1                             | bin_maze_filt/genblk1[15].inst/h_div1/divider_copy[21]_i_1__14_n_0  | bin_maze_filt/genblk1[15].inst/i___5_n_0                |                1 |              2 |
|  bin_maze_filt/genblk1[18].inst/h_reg[16]_i_2__17_n_0 |                                                                     | bin_maze_filt/genblk1[18].inst/h_reg[16]_i_3__17_n_0    |                1 |              2 |
|  clkdivider/inst/clk_out1                             | bin_maze_filt/genblk1[6].inst/v_div1/E[0]                           |                                                         |                2 |              4 |
|  clkdivider/inst/clk_out1                             | bin_maze_filt/genblk1[13].inst/v_div1/E[0]                          |                                                         |                2 |              4 |
|  clkdivider/inst/clk_out1                             | bin_maze_filt/genblk1[16].inst/v_div1/E[0]                          |                                                         |                2 |              4 |
|  clkdivider/inst/clk_out1                             | bin_maze_filt/genblk1[9].inst/s_div1/E[0]                           |                                                         |                2 |              4 |
|  clkdivider/inst/clk_out1                             | bin_maze_filt/genblk1[4].inst/v_div1/E[0]                           |                                                         |                2 |              4 |
|  clkdivider/inst/clk_out1                             | bin_maze_filt/genblk1[12].inst/v_div1/E[0]                          |                                                         |                2 |              4 |
|  clkdivider/inst/clk_out1                             | bin_maze_filt/genblk1[13].inst/s_div1/E[0]                          |                                                         |                2 |              4 |
|  clkdivider/inst/clk_out1                             | bin_maze_filt/genblk1[12].inst/s_div1/E[0]                          |                                                         |                2 |              4 |
|  clkdivider/inst/clk_out1                             | bin_maze_filt/genblk1[9].inst/v_div1/E[0]                           |                                                         |                2 |              4 |
|  clkdivider/inst/clk_out1                             | bin_maze_filt/genblk1[14].inst/s_div1/E[0]                          |                                                         |                2 |              4 |
|  clkdivider/inst/clk_out1                             | bin_maze_filt/genblk1[8].inst/s_div1/E[0]                           |                                                         |                2 |              4 |
|  clkdivider/inst/clk_out1                             | bin_maze_filt/genblk1[0].inst/s_div1/E[0]                           |                                                         |                2 |              4 |
|  clkdivider/inst/clk_out1                             | bin_maze_filt/genblk1[5].inst/s_div1/E[0]                           |                                                         |                2 |              4 |
|  clkdivider/inst/clk_out1                             | bin_maze_filt/genblk1[10].inst/v_div1/E[0]                          |                                                         |                2 |              4 |
|  clkdivider/inst/clk_out1                             | bin_maze_filt/genblk1[11].inst/v_div1/E[0]                          |                                                         |                2 |              4 |
|  clkdivider/inst/clk_out1                             | bin_maze_filt/genblk1[0].inst/v_div1/E[0]                           |                                                         |                2 |              4 |
|  clkdivider/inst/clk_out1                             | bin_maze_filt/genblk1[17].inst/v_div1/E[0]                          |                                                         |                2 |              4 |
|  clkdivider/inst/clk_out1                             | bin_maze_filt/genblk1[5].inst/v_div1/E[0]                           |                                                         |                2 |              4 |
|  clkdivider/inst/clk_out1                             | bin_maze_filt/genblk1[3].inst/s_div1/E[0]                           |                                                         |                2 |              4 |
|  clkdivider/inst/clk_out1                             | bin_maze_filt/genblk1[17].inst/s_div1/E[0]                          |                                                         |                2 |              4 |
|  clkdivider/inst/clk_out1                             | bin_maze_filt/genblk1[3].inst/v_div1/E[0]                           |                                                         |                2 |              4 |
|  clkdivider/inst/clk_out1                             | bin_maze_filt/genblk1[11].inst/s_div1/E[0]                          |                                                         |                2 |              4 |
|  clkdivider/inst/clk_out1                             | bin_maze_filt/genblk1[1].inst/s_div1/E[0]                           |                                                         |                2 |              4 |
|  clkdivider/inst/clk_out1                             | bin_maze_filt/genblk1[15].inst/v_div1/E[0]                          |                                                         |                2 |              4 |
|  clkdivider/inst/clk_out1                             | bin_maze_filt/genblk1[7].inst/s_div1/E[0]                           |                                                         |                2 |              4 |
|  clkdivider/inst/clk_out1                             | bin_maze_filt/genblk1[1].inst/v_div1/E[0]                           |                                                         |                2 |              4 |
|  clkdivider/inst/clk_out1                             | bin_maze_filt/genblk1[15].inst/s_div1/E[0]                          |                                                         |                2 |              4 |
|  clkdivider/inst/clk_out1                             | bin_maze_filt/genblk1[18].inst/v_div1/E[0]                          |                                                         |                2 |              4 |
|  clkdivider/inst/clk_out1                             | bin_maze_filt/genblk1[2].inst/s_div1/E[0]                           |                                                         |                2 |              4 |
|  clkdivider/inst/clk_out1                             | bin_maze_filt/genblk1[18].inst/s_div1/E[0]                          |                                                         |                2 |              4 |
|  clkdivider/inst/clk_out1                             | bin_maze_filt/genblk1[2].inst/v_div1/E[0]                           |                                                         |                2 |              4 |
|  clkdivider/inst/clk_out1                             | bin_maze_filt/genblk1[14].inst/v_div1/E[0]                          |                                                         |                2 |              4 |
|  clkdivider/inst/clk_out1                             | bin_maze_filt/genblk1[4].inst/s_div1/E[0]                           |                                                         |                2 |              4 |
|  clkdivider/inst/clk_out1                             | bin_maze_filt/genblk1[16].inst/s_div1/E[0]                          |                                                         |                2 |              4 |
|  clkdivider/inst/clk_out1                             | bin_maze_filt/genblk1[8].inst/v_div1/E[0]                           |                                                         |                2 |              4 |
|  clkdivider/inst/clk_out1                             | bin_maze_filt/genblk1[6].inst/s_div1/E[0]                           |                                                         |                2 |              4 |
|  clkdivider/inst/clk_out1                             | bin_maze_filt/genblk1[7].inst/v_div1/E[0]                           |                                                         |                2 |              4 |
|  clkdivider/inst/clk_out1                             | bin_maze_filt/genblk1[10].inst/s_div1/E[0]                          |                                                         |                2 |              4 |
|  clkdivider/inst/clk_out1                             | bin_maze_filt/bin_erosion/center_x[8]_i_1_n_0                       | bin_maze_filt/bin_erosion/center_x[7]_i_1__0_n_0        |                2 |              8 |
|  clkdivider/inst/clk_out1                             | nolabel_line232/x[8]_i_1_n_0                                        |                                                         |                2 |              8 |
|  clkdivider/inst/clk_out1                             | bin_maze_filt/yellow_erosion/center_x[8]_i_1__0_n_0                 | bin_maze_filt/yellow_erosion/center_x[7]_i_1__1_n_0     |                2 |              8 |
|  clkdivider/inst/clk_out1                             | bin_maze_filt/bin_erosion/FSM_onehot_state[3]_i_1_n_0               | db1/reset                                               |                2 |              8 |
|  clkdivider/inst/clk_out1                             | bin_maze_filt/red_erosion/FSM_onehot_state[3]_i_1__1_n_0            | db1/reset                                               |                3 |              8 |
|  clkdivider/inst/clk_out1                             | bin_maze_filt/yellow_erosion/FSM_onehot_state[3]_i_1__0_n_0         | db1/reset                                               |                1 |              8 |
|  clkdivider/inst/clk_out1                             | maze_solver/q_idx                                                   | maze_solver/q_idx[5]_i_1_n_0                            |                1 |              8 |
|  clkdivider/inst/clk_out1                             | bin_maze_filt/bin_dilation/state                                    | db1/reset                                               |                2 |              8 |
|  clkdivider/inst/clk_out1                             | bp_tracer/FSM_sequential_state[1]_i_1__4_n_0                        | db1/reset                                               |                1 |              8 |
|  clkdivider/inst/clk_out1                             | bin_maze_filt/red_erosion/center_x[8]_i_1__1_n_0                    | bin_maze_filt/red_erosion/center_x[7]_i_1__2_n_0        |                1 |              8 |
|  clkdivider/inst/clk_out1                             | bin_maze_filt/bin_dilation/oldest_pixel_x[8]_i_1_n_0                | bin_maze_filt/bin_dilation/oldest_pixel_x[7]_i_1__0_n_0 |                2 |              8 |
|  clkdivider/inst/clk_out1                             | bin_maze_filt/bin_dilation/oldest_pixel_y[7]_i_2_n_0                | bin_maze_filt/bin_dilation/oldest_pixel_y[7]_i_1_n_0    |                2 |             10 |
|  clkdivider/inst/clk_out1                             | nolabel_line232/x[8]_i_1_n_0                                        | nolabel_line232/x[7]_i_1_n_0                            |                2 |             10 |
|  clkdivider/inst/clk_out1                             | bin_maze_filt/yellow_erosion/center_x[8]_i_1__0_n_0                 |                                                         |                3 |             10 |
|  clkdivider/inst/clk_out1                             | bin_maze_filt/yellow_erosion/center_y[7]_i_2__0_n_0                 | bin_maze_filt/yellow_erosion/center_y[7]_i_1__0_n_0     |                2 |             10 |
|  pclk_in_BUFG                                         | my_camera/pixel_data_out[7]_i_1_n_0                                 |                                                         |                5 |             10 |
|  clkdivider/inst/clk_out1                             | bin_maze_filt/red_erosion/center_y[7]_i_2__1_n_0                    | bin_maze_filt/red_erosion/center_y[7]_i_1__1_n_0        |                1 |             10 |
|  clkdivider/inst/clk_out1                             | bin_maze_filt/red_erosion/center_x[8]_i_1__1_n_0                    |                                                         |                2 |             10 |
|  clkdivider/inst/clk_out1                             | bin_maze_filt/bin_erosion/center_x[8]_i_1_n_0                       |                                                         |                2 |             10 |
|  clkdivider/inst/clk_out1                             | bin_maze_filt/bin_dilation/oldest_pixel_x[8]_i_1_n_0                |                                                         |                3 |             10 |
|  clkdivider/inst/clk_out1                             | bin_maze_filt/rgb_2_hsv_sel[4]_i_1_n_0                              |                                                         |                2 |             10 |
|  clkdivider/inst/clk_out1                             | bin_maze_filt/bin_erosion/center_y[7]_i_2_n_0                       | bin_maze_filt/bin_erosion/center_y[7]_i_1_n_0           |                2 |             12 |
|  clkdivider/inst/clk_out1                             | nolabel_line232/y[7]_i_2_n_0                                        | nolabel_line232/y[7]_i_1_n_0                            |                3 |             12 |
|  clkdivider/inst/clk_out1                             | skel/center_x[7]_i_2__2_n_0                                         | skel/center_x[7]_i_1_n_0                                |                3 |             12 |
|  clkdivider/inst/clk_out1                             | bin_maze_filt/genblk1[5].inst/h_div1/divider_copy[21]_i_1__4_n_0    |                                                         |                2 |             14 |
|  clkdivider/inst/clk_out1                             | bin_maze_filt/genblk1[15].inst/h_div1/divider_copy[21]_i_1__14_n_0  |                                                         |                1 |             14 |
|  clkdivider/inst/clk_out1                             | bin_maze_filt/genblk1[2].inst/h_div1/divider_copy[21]_i_1__1_n_0    |                                                         |                2 |             14 |
|  clkdivider/inst/clk_out1                             | bin_maze_filt/genblk1[18].inst/h_div1/divider_copy[21]_i_1__17_n_0  |                                                         |                2 |             14 |
|  clkdivider/inst/clk_out1                             | bin_maze_filt/genblk1[4].inst/h_div1/divider_copy[21]_i_1__3_n_0    |                                                         |                3 |             14 |
|  clkdivider/inst/clk_out1                             | bin_maze_filt/genblk1[12].inst/h_div1/divider_copy[21]_i_1__11_n_0  |                                                         |                2 |             14 |
|  clkdivider/inst/clk_out1                             | bin_maze_filt/genblk1[8].inst/h_div1/divider_copy[21]_i_1__7_n_0    |                                                         |                2 |             14 |
|  clkdivider/inst/clk_out1                             | bin_maze_filt/genblk1[3].inst/h_div1/divider_copy[21]_i_1__2_n_0    |                                                         |                2 |             14 |
|  clkdivider/inst/clk_out1                             | bin_maze_filt/genblk1[16].inst/h_div1/divider_copy[21]_i_1__15_n_0  |                                                         |                2 |             14 |
|  clkdivider/inst/clk_out1                             | bin_maze_filt/genblk1[13].inst/h_div1/divider_copy[21]_i_1__12_n_0  |                                                         |                2 |             14 |
|  pclk_in_BUFG                                         | my_camera/pixel_data_out[15]_i_1_n_0                                |                                                         |                4 |             14 |
|  clkdivider/inst/clk_out1                             | bin_maze_filt/genblk1[6].inst/h_div1/divider_copy[21]_i_1__5_n_0    |                                                         |                2 |             14 |
|  clkdivider/inst/clk_out1                             | bin_maze_filt/genblk1[7].inst/h_div1/divider_copy[21]_i_1__6_n_0    |                                                         |                2 |             14 |
|  clkdivider/inst/clk_out1                             | bin_maze_filt/genblk1[11].inst/h_div1/divider_copy[21]_i_1__10_n_0  |                                                         |                2 |             14 |
|  clkdivider/inst/clk_out1                             | bin_maze_filt/genblk1[9].inst/h_div1/divider_copy[21]_i_1__8_n_0    |                                                         |                2 |             14 |
|  clkdivider/inst/clk_out1                             | bin_maze_filt/genblk1[10].inst/h_div1/divider_copy[21]_i_1__9_n_0   |                                                         |                2 |             14 |
|  clkdivider/inst/clk_out1                             | bin_maze_filt/genblk1[0].inst/h_div1/divider_copy[21]_i_1_n_0       |                                                         |                2 |             14 |
|  clkdivider/inst/clk_out1                             | bin_maze_filt/genblk1[17].inst/h_div1/divider_copy[21]_i_1__16_n_0  |                                                         |                2 |             14 |
|  clkdivider/inst/clk_out1                             | bin_maze_filt/genblk1[1].inst/h_div1/divider_copy[21]_i_1__0_n_0    |                                                         |                1 |             14 |
|  clkdivider/inst/clk_out1                             | bin_maze_filt/genblk1[14].inst/h_div1/divider_copy[21]_i_1__13_n_0  |                                                         |                2 |             14 |
|  clkdivider/inst/clk_out1                             | skel/center_y[7]_i_1__2_n_0                                         |                                                         |                2 |             16 |
|  pclk_in_BUFG                                         |                                                                     |                                                         |                4 |             16 |
|  clkdivider/inst/clk_out1                             | vga1/hreset                                                         | vga1/vcount_out0                                        |                6 |             20 |
|  clkdivider/inst/clk_out1                             | db1/rgb_reg[11]                                                     | vga1/rgb_reg[11]                                        |                2 |             20 |
|  clkdivider/inst/clk_out1                             |                                                                     | vga1/hreset                                             |                3 |             20 |
|  clkdivider/inst/clk_out1                             | bin_maze_filt/genblk1[12].inst/s_div1/E[0]                          | bin_maze_filt/genblk1[12].inst/div_start                |                4 |             28 |
|  clkdivider/inst/clk_out1                             | bin_maze_filt/genblk1[9].inst/v_div1/E[0]                           | bin_maze_filt/genblk1[9].inst/div_start                 |                5 |             28 |
|  clkdivider/inst/clk_out1                             | bin_maze_filt/genblk1[11].inst/v_div1/E[0]                          | bin_maze_filt/genblk1[11].inst/div_start                |                3 |             28 |
|  clkdivider/inst/clk_out1                             | bin_maze_filt/genblk1[5].inst/s_div1/E[0]                           | bin_maze_filt/genblk1[5].inst/div_start                 |                5 |             28 |
|  clkdivider/inst/clk_out1                             | bin_maze_filt/genblk1[11].inst/s_div1/E[0]                          | bin_maze_filt/genblk1[11].inst/div_start                |                5 |             28 |
|  clkdivider/inst/clk_out1                             | bin_maze_filt/genblk1[5].inst/v_div1/E[0]                           | bin_maze_filt/genblk1[5].inst/div_start                 |                4 |             28 |
|  clkdivider/inst/clk_out1                             | bin_maze_filt/genblk1[0].inst/s_div1/E[0]                           | bin_maze_filt/genblk1[0].inst/div_start                 |                6 |             28 |
|  clkdivider/inst/clk_out1                             | bin_maze_filt/genblk1[18].inst/s_div1/E[0]                          | bin_maze_filt/genblk1[18].inst/div_start                |                7 |             28 |
|  clkdivider/inst/clk_out1                             | bin_maze_filt/genblk1[3].inst/v_div1/E[0]                           | bin_maze_filt/genblk1[3].inst/div_start                 |                6 |             28 |
|  clkdivider/inst/clk_out1                             | bin_maze_filt/genblk1[2].inst/s_div1/E[0]                           | bin_maze_filt/genblk1[2].inst/div_start                 |                6 |             28 |
|  clkdivider/inst/clk_out1                             | bin_maze_filt/genblk1[0].inst/v_div1/E[0]                           | bin_maze_filt/genblk1[0].inst/div_start                 |                5 |             28 |
|  clkdivider/inst/clk_out1                             | bin_maze_filt/genblk1[17].inst/s_div1/E[0]                          | bin_maze_filt/genblk1[17].inst/div_start                |                6 |             28 |
|  clkdivider/inst/clk_out1                             | bin_maze_filt/genblk1[2].inst/v_div1/E[0]                           | bin_maze_filt/genblk1[2].inst/div_start                 |                6 |             28 |
|  clkdivider/inst/clk_out1                             | bin_maze_filt/genblk1[14].inst/v_div1/E[0]                          | bin_maze_filt/genblk1[14].inst/div_start                |                4 |             28 |
|  clkdivider/inst/clk_out1                             | bin_maze_filt/genblk1[16].inst/v_div1/E[0]                          | bin_maze_filt/genblk1[16].inst/div_start                |                3 |             28 |
|  clkdivider/inst/clk_out1                             | bin_maze_filt/genblk1[1].inst/v_div1/E[0]                           | bin_maze_filt/genblk1[1].inst/div_start                 |                6 |             28 |
|  clkdivider/inst/clk_out1                             | bin_maze_filt/genblk1[15].inst/v_div1/E[0]                          | bin_maze_filt/genblk1[15].inst/div_start                |                6 |             28 |
|  clkdivider/inst/clk_out1                             | bin_maze_filt/genblk1[7].inst/v_div1/E[0]                           | bin_maze_filt/genblk1[7].inst/div_start                 |                5 |             28 |
|  clkdivider/inst/clk_out1                             | bin_maze_filt/genblk1[16].inst/s_div1/E[0]                          | bin_maze_filt/genblk1[16].inst/div_start                |                5 |             28 |
|  clkdivider/inst/clk_out1                             | bin_maze_filt/genblk1[15].inst/s_div1/E[0]                          | bin_maze_filt/genblk1[15].inst/div_start                |                7 |             28 |
|  clkdivider/inst/clk_out1                             | bin_maze_filt/genblk1[4].inst/s_div1/E[0]                           | bin_maze_filt/genblk1[4].inst/div_start                 |                5 |             28 |
|  clkdivider/inst/clk_out1                             | bin_maze_filt/genblk1[14].inst/s_div1/E[0]                          | bin_maze_filt/genblk1[14].inst/div_start                |                7 |             28 |
|  clkdivider/inst/clk_out1                             | bin_maze_filt/genblk1[10].inst/s_div1/E[0]                          | bin_maze_filt/genblk1[10].inst/div_start                |                5 |             28 |
|  clkdivider/inst/clk_out1                             | bin_maze_filt/genblk1[1].inst/s_div1/E[0]                           | bin_maze_filt/genblk1[1].inst/div_start                 |                6 |             28 |
|  clkdivider/inst/clk_out1                             | bin_maze_filt/genblk1[8].inst/s_div1/E[0]                           | bin_maze_filt/genblk1[8].inst/div_start                 |                6 |             28 |
|  clkdivider/inst/clk_out1                             | bin_maze_filt/genblk1[6].inst/s_div1/E[0]                           | bin_maze_filt/genblk1[6].inst/div_start                 |                5 |             28 |
|  clkdivider/inst/clk_out1                             | bin_maze_filt/genblk1[8].inst/v_div1/E[0]                           | bin_maze_filt/genblk1[8].inst/div_start                 |                4 |             28 |
|  clkdivider/inst/clk_out1                             | bin_maze_filt/genblk1[12].inst/v_div1/E[0]                          | bin_maze_filt/genblk1[12].inst/div_start                |                6 |             28 |
|  clkdivider/inst/clk_out1                             | bin_maze_filt/genblk1[13].inst/v_div1/E[0]                          | bin_maze_filt/genblk1[13].inst/div_start                |                5 |             28 |
|  clkdivider/inst/clk_out1                             | bin_maze_filt/genblk1[17].inst/v_div1/E[0]                          | bin_maze_filt/genblk1[17].inst/div_start                |                5 |             28 |
|  clkdivider/inst/clk_out1                             | bin_maze_filt/genblk1[6].inst/v_div1/E[0]                           | bin_maze_filt/genblk1[6].inst/div_start                 |                4 |             28 |
|  clkdivider/inst/clk_out1                             | bin_maze_filt/genblk1[9].inst/s_div1/E[0]                           | bin_maze_filt/genblk1[9].inst/div_start                 |                6 |             28 |
|  clkdivider/inst/clk_out1                             | bin_maze_filt/genblk1[10].inst/v_div1/E[0]                          | bin_maze_filt/genblk1[10].inst/div_start                |                6 |             28 |
|  clkdivider/inst/clk_out1                             | bin_maze_filt/genblk1[4].inst/v_div1/E[0]                           | bin_maze_filt/genblk1[4].inst/div_start                 |                6 |             28 |
|  clkdivider/inst/clk_out1                             | bin_maze_filt/genblk1[13].inst/s_div1/E[0]                          | bin_maze_filt/genblk1[13].inst/div_start                |                5 |             28 |
|  clkdivider/inst/clk_out1                             | bin_maze_filt/genblk1[3].inst/s_div1/E[0]                           | bin_maze_filt/genblk1[3].inst/div_start                 |                4 |             28 |
|  clkdivider/inst/clk_out1                             | bin_maze_filt/genblk1[7].inst/s_div1/E[0]                           | bin_maze_filt/genblk1[7].inst/div_start                 |                6 |             28 |
|  clkdivider/inst/clk_out1                             | bin_maze_filt/genblk1[18].inst/v_div1/E[0]                          | bin_maze_filt/genblk1[18].inst/div_start                |                4 |             28 |
|  clkdivider/inst/clk_out1                             | maze_solver/queue[59][16]_i_1_n_0                                   |                                                         |                4 |             34 |
|  clkdivider/inst/clk_out1                             | maze_solver/queue[6][16]_i_1_n_0                                    |                                                         |                3 |             34 |
|  clkdivider/inst/clk_out1                             | maze_solver/queue[63][16]_i_1_n_0                                   |                                                         |                4 |             34 |
|  clkdivider/inst/clk_out1                             | maze_solver/queue[62][16]_i_1_n_0                                   |                                                         |                5 |             34 |
|  clkdivider/inst/clk_out1                             | maze_solver/queue[8][16]_i_1_n_0                                    |                                                         |                4 |             34 |
|  clkdivider/inst/clk_out1                             | maze_solver/queue[7][16]_i_1_n_0                                    |                                                         |                3 |             34 |
|  clkdivider/inst/clk_out1                             | nolabel_line232/maze_pixel_addr[16]_i_2_n_0                         | nolabel_line232/maze_pixel_addr[16]_i_1_n_0             |                5 |             34 |
|  clkdivider/inst/clk_out1                             | nolabel_line232/start_pos[16]_i_1_n_0                               |                                                         |                8 |             34 |
|  clkdivider/inst/clk_out1                             | maze_solver/pixel_r_addr[16]_i_1__0_n_0                             |                                                         |                8 |             34 |
|  clkdivider/inst/clk_out1                             | maze_solver/pixel_wr_addr[16]_i_2_n_0                               | maze_solver/pixel_wr_addr[16]_i_1_n_0                   |                5 |             34 |
|  clkdivider/inst/clk_out1                             | maze_solver/queue[10][16]_i_1_n_0                                   |                                                         |                3 |             34 |
|  clkdivider/inst/clk_out1                             | maze_solver/queue                                                   |                                                         |                7 |             34 |
|  clkdivider/inst/clk_out1                             | maze_solver/queue[11][16]_i_1_n_0                                   |                                                         |                3 |             34 |
|  clkdivider/inst/clk_out1                             | maze_solver/queue[14][16]_i_1_n_0                                   |                                                         |                3 |             34 |
|  clkdivider/inst/clk_out1                             | maze_solver/queue[12][16]_i_1_n_0                                   |                                                         |                3 |             34 |
|  clkdivider/inst/clk_out1                             | maze_solver/queue[13][16]_i_1_n_0                                   |                                                         |                4 |             34 |
|  clkdivider/inst/clk_out1                             | maze_solver/queue[17][16]_i_1_n_0                                   |                                                         |                3 |             34 |
|  clkdivider/inst/clk_out1                             | maze_solver/queue[15][16]_i_1_n_0                                   |                                                         |                3 |             34 |
|  clkdivider/inst/clk_out1                             | maze_solver/queue[16][16]_i_1_n_0                                   |                                                         |                3 |             34 |
|  pclk_in_BUFG                                         | my_camera/cam_pixel_wr_addr                                         | my_camera/cam_pixel_wr_addr_reg[0]                      |                5 |             34 |
|  clkdivider/inst/clk_out1                             | maze_solver/queue[18][16]_i_1_n_0                                   |                                                         |                4 |             34 |
|  bin_pixel_r_addr_reg[16]_i_2_n_0                     |                                                                     |                                                         |                6 |             34 |
|  cam_pixel_r_addr_reg[16]_i_1_n_0                     |                                                                     |                                                         |                5 |             34 |
|  clkdivider/inst/clk_out1                             | maze_solver/queue[19][16]_i_1_n_0                                   |                                                         |                3 |             34 |
|  path_r_addr_reg[16]_i_1_n_0                          |                                                                     |                                                         |                9 |             34 |
|  start_end_r_addr_reg[16]_i_2_n_0                     |                                                                     |                                                         |                5 |             34 |
|  clkdivider/inst/clk_out1                             | maze_solver/queue[1][16]_i_1_n_0                                    |                                                         |                3 |             34 |
|  clkdivider/inst/clk_out1                             | maze_solver/queue[20][16]_i_1_n_0                                   |                                                         |                3 |             34 |
|  clkdivider/inst/clk_out1                             | maze_solver/queue[23][16]_i_1_n_0                                   |                                                         |                4 |             34 |
|  clkdivider/inst/clk_out1                             | maze_solver/queue[22][16]_i_1_n_0                                   |                                                         |                3 |             34 |
|  clkdivider/inst/clk_out1                             | maze_solver/queue[21][16]_i_1_n_0                                   |                                                         |                3 |             34 |
|  clkdivider/inst/clk_out1                             | maze_solver/queue[25][16]_i_1_n_0                                   |                                                         |                3 |             34 |
|  clkdivider/inst/clk_out1                             | maze_solver/queue[24][16]_i_1_n_0                                   |                                                         |                4 |             34 |
|  clkdivider/inst/clk_out1                             | db1/rgb_reg[11]                                                     |                                                         |                8 |             34 |
|  clkdivider/inst/clk_out1                             | maze_solver/queue[26][16]_i_1_n_0                                   |                                                         |                5 |             34 |
|  clkdivider/inst/clk_out1                             | maze_solver/queue[27][16]_i_1_n_0                                   |                                                         |                4 |             34 |
|  clkdivider/inst/clk_out1                             | nolabel_line232/end_pos[16]_i_1_n_0                                 |                                                         |                7 |             34 |
|  clkdivider/inst/clk_out1                             | bin_maze_filt/cam_pixel_r_addr[16]_i_2_n_0                          | bin_maze_filt/cam_pixel_r_addr[16]_i_1_n_0              |                5 |             34 |
|  clkdivider/inst/clk_out1                             | maze_solver/queue[9][16]_i_1_n_0                                    |                                                         |                4 |             34 |
|  clkdivider/inst/clk_out1                             | skel/pixel_r_addr[16]_i_2_n_0                                       | skel/pixel_r_addr[16]_i_1_n_0                           |                5 |             34 |
|  clkdivider/inst/clk_out1                             | maze_solver/queue[5][16]_i_1_n_0                                    |                                                         |                3 |             34 |
|  clkdivider/inst/clk_out1                             | maze_solver/queue[29][16]_i_1_n_0                                   |                                                         |                3 |             34 |
|  clkdivider/inst/clk_out1                             | maze_solver/queue[2][16]_i_1_n_0                                    |                                                         |                3 |             34 |
|  clkdivider/inst/clk_out1                             | maze_solver/queue[30][16]_i_1_n_0                                   |                                                         |                4 |             34 |
|  clkdivider/inst/clk_out1                             | maze_solver/queue[28][16]_i_1_n_0                                   |                                                         |                5 |             34 |
|  clkdivider/inst/clk_out1                             | maze_solver/queue[32][16]_i_1_n_0                                   |                                                         |                4 |             34 |
|  clkdivider/inst/clk_out1                             | maze_solver/queue[31][16]_i_1_n_0                                   |                                                         |                3 |             34 |
|  clkdivider/inst/clk_out1                             | maze_solver/queue[33][16]_i_1_n_0                                   |                                                         |                5 |             34 |
|  clkdivider/inst/clk_out1                             | maze_solver/queue[35][16]_i_1_n_0                                   |                                                         |                4 |             34 |
|  clkdivider/inst/clk_out1                             | maze_solver/queue[36][16]_i_1_n_0                                   |                                                         |                3 |             34 |
|  clkdivider/inst/clk_out1                             | maze_solver/queue[34][16]_i_1_n_0                                   |                                                         |                4 |             34 |
|  clkdivider/inst/clk_out1                             | maze_solver/queue[39][16]_i_1_n_0                                   |                                                         |                3 |             34 |
|  clkdivider/inst/clk_out1                             | maze_solver/queue[3][16]_i_1_n_0                                    |                                                         |                3 |             34 |
|  clkdivider/inst/clk_out1                             | maze_solver/queue[37][16]_i_1_n_0                                   |                                                         |                3 |             34 |
|  clkdivider/inst/clk_out1                             | maze_solver/queue[38][16]_i_1_n_0                                   |                                                         |                3 |             34 |
|  clkdivider/inst/clk_out1                             | maze_solver/queue[41][16]_i_1_n_0                                   |                                                         |                3 |             34 |
|  clkdivider/inst/clk_out1                             | maze_solver/queue[42][16]_i_1_n_0                                   |                                                         |                3 |             34 |
|  clkdivider/inst/clk_out1                             | maze_solver/queue[40][16]_i_1_n_0                                   |                                                         |                3 |             34 |
|  clkdivider/inst/clk_out1                             | maze_solver/queue[43][16]_i_1_n_0                                   |                                                         |                5 |             34 |
|  clkdivider/inst/clk_out1                             | maze_solver/queue[44][16]_i_1_n_0                                   |                                                         |                3 |             34 |
|  clkdivider/inst/clk_out1                             | maze_solver/queue[45][16]_i_1_n_0                                   |                                                         |                3 |             34 |
|  clkdivider/inst/clk_out1                             | maze_solver/queue[46][16]_i_1_n_0                                   |                                                         |                4 |             34 |
|  clkdivider/inst/clk_out1                             | maze_solver/queue[48][16]_i_1_n_0                                   |                                                         |                3 |             34 |
|  clkdivider/inst/clk_out1                             | maze_solver/queue[47][16]_i_1_n_0                                   |                                                         |                3 |             34 |
|  clkdivider/inst/clk_out1                             | maze_solver/queue[49][16]_i_1_n_0                                   |                                                         |                4 |             34 |
|  clkdivider/inst/clk_out1                             | maze_solver/queue[50][16]_i_1_n_0                                   |                                                         |                3 |             34 |
|  clkdivider/inst/clk_out1                             | maze_solver/queue[51][16]_i_1_n_0                                   |                                                         |                3 |             34 |
|  clkdivider/inst/clk_out1                             | maze_solver/queue[4][16]_i_1_n_0                                    |                                                         |                3 |             34 |
|  clkdivider/inst/clk_out1                             | maze_solver/queue[52][16]_i_1_n_0                                   |                                                         |                3 |             34 |
|  clkdivider/inst/clk_out1                             | maze_solver/queue[54][16]_i_1_n_0                                   |                                                         |                3 |             34 |
|  clkdivider/inst/clk_out1                             | maze_solver/queue[53][16]_i_1_n_0                                   |                                                         |                4 |             34 |
|  clkdivider/inst/clk_out1                             | maze_solver/queue[55][16]_i_1_n_0                                   |                                                         |                5 |             34 |
|  clkdivider/inst/clk_out1                             | maze_solver/queue[57][16]_i_1_n_0                                   |                                                         |                5 |             34 |
|  clkdivider/inst/clk_out1                             | maze_solver/queue[56][16]_i_1_n_0                                   |                                                         |                5 |             34 |
|  clkdivider/inst/clk_out1                             | maze_solver/queue[58][16]_i_1_n_0                                   |                                                         |                3 |             34 |
|  clkdivider/inst/clk_out1                             | maze_solver/queue[60][16]_i_1_n_0                                   |                                                         |                3 |             34 |
|  clkdivider/inst/clk_out1                             | maze_solver/queue[61][16]_i_1_n_0                                   |                                                         |                3 |             34 |
|  clkdivider/inst/clk_out1                             | bin_maze_filt/yellow_erosion/pixel_counter                          | db1/reset                                               |                6 |             36 |
|  clkdivider/inst/clk_out1                             | bin_maze_filt/bin_erosion/pixel_counter                             | db1/reset                                               |                7 |             36 |
|  clkdivider/inst/clk_out1                             | bin_maze_filt/red_erosion/pixel_counter                             | db1/reset                                               |                8 |             36 |
|  clkdivider/inst/clk_out1                             | bin_maze_filt/bin_dilation/pixel_counter[17]_i_1_n_0                | db1/reset                                               |                7 |             36 |
|  bin_pixel_we_reg_i_2_n_0                             |                                                                     |                                                         |                7 |             38 |
|  clkdivider/inst/clk_out1                             | bin_maze_filt/genblk1[7].inst/s_div1/divider_copy[18]_i_1__6_n_0    | bin_maze_filt/genblk1[7].inst/div_start                 |                6 |             38 |
|  clkdivider/inst/clk_out1                             | bin_maze_filt/genblk1[2].inst/s_div1/divider_copy[18]_i_1__1_n_0    | bin_maze_filt/genblk1[2].inst/div_start                 |                5 |             38 |
|  clkdivider/inst/clk_out1                             | bin_maze_filt/genblk1[8].inst/s_div1/divider_copy[18]_i_1__7_n_0    | bin_maze_filt/genblk1[8].inst/div_start                 |                5 |             38 |
|  clkdivider/inst/clk_out1                             | bin_maze_filt/genblk1[9].inst/s_div1/divider_copy[18]_i_1__8_n_0    | bin_maze_filt/genblk1[9].inst/div_start                 |                5 |             38 |
|  clkdivider/inst/clk_out1                             | bin_maze_filt/genblk1[10].inst/s_div1/divider_copy[18]_i_1__9_n_0   | bin_maze_filt/genblk1[10].inst/div_start                |                6 |             38 |
|  clkdivider/inst/clk_out1                             | bin_maze_filt/genblk1[12].inst/s_div1/divider_copy[18]_i_1__11_n_0  | bin_maze_filt/genblk1[12].inst/div_start                |                6 |             38 |
|  clkdivider/inst/clk_out1                             | bin_maze_filt/genblk1[5].inst/s_div1/divider_copy[18]_i_1__4_n_0    | bin_maze_filt/genblk1[5].inst/div_start                 |                6 |             38 |
|  clkdivider/inst/clk_out1                             | bin_maze_filt/genblk1[1].inst/s_div1/divider_copy[18]_i_1__0_n_0    | bin_maze_filt/genblk1[1].inst/div_start                 |                5 |             38 |
|  clkdivider/inst/clk_out1                             | bin_maze_filt/genblk1[11].inst/s_div1/divider_copy[18]_i_1__10_n_0  | bin_maze_filt/genblk1[11].inst/div_start                |               10 |             38 |
|  clkdivider/inst/clk_out1                             | bin_maze_filt/genblk1[17].inst/s_div1/divider_copy[18]_i_1__16_n_0  | bin_maze_filt/genblk1[17].inst/div_start                |                6 |             38 |
|  clkdivider/inst/clk_out1                             | bin_maze_filt/genblk1[0].inst/s_div1/divider_copy[18]_i_1_n_0       | bin_maze_filt/genblk1[0].inst/div_start                 |                7 |             38 |
|  clkdivider/inst/clk_out1                             | bin_maze_filt/genblk1[15].inst/s_div1/divider_copy[18]_i_1__14_n_0  | bin_maze_filt/genblk1[15].inst/div_start                |                6 |             38 |
|  clkdivider/inst/clk_out1                             | bin_maze_filt/genblk1[14].inst/s_div1/divider_copy[18]_i_1__13_n_0  | bin_maze_filt/genblk1[14].inst/div_start                |                6 |             38 |
|  clkdivider/inst/clk_out1                             | bin_maze_filt/genblk1[4].inst/s_div1/divider_copy[18]_i_1__3_n_0    | bin_maze_filt/genblk1[4].inst/div_start                 |                5 |             38 |
|  clkdivider/inst/clk_out1                             | bin_maze_filt/genblk1[16].inst/s_div1/divider_copy[18]_i_1__15_n_0  | bin_maze_filt/genblk1[16].inst/div_start                |                5 |             38 |
|  clkdivider/inst/clk_out1                             | bin_maze_filt/genblk1[6].inst/s_div1/divider_copy[18]_i_1__5_n_0    | bin_maze_filt/genblk1[6].inst/div_start                 |                7 |             38 |
|  clkdivider/inst/clk_out1                             | bin_maze_filt/genblk1[3].inst/s_div1/divider_copy[18]_i_1__2_n_0    | bin_maze_filt/genblk1[3].inst/div_start                 |                5 |             38 |
|  clkdivider/inst/clk_out1                             | bin_maze_filt/genblk1[18].inst/s_div1/divider_copy[18]_i_1__17_n_0  | bin_maze_filt/genblk1[18].inst/div_start                |                6 |             38 |
|  clkdivider/inst/clk_out1                             | bin_maze_filt/genblk1[13].inst/s_div1/divider_copy[18]_i_1__12_n_0  | bin_maze_filt/genblk1[13].inst/div_start                |                5 |             38 |
|  bin_maze_filt/genblk1[10].inst/h_reg[16]_i_2__9_n_0  |                                                                     | bin_maze_filt/genblk1[10].inst/h_reg[15]_i_2__9_n_0     |                8 |             40 |
|  bin_maze_filt/genblk1[1].inst/h_reg[16]_i_2__0_n_0   |                                                                     | bin_maze_filt/genblk1[1].inst/h_reg[15]_i_2__0_n_0      |               14 |             40 |
|  bin_maze_filt/genblk1[2].inst/h_reg[16]_i_2__1_n_0   |                                                                     | bin_maze_filt/genblk1[2].inst/h_reg[15]_i_2__1_n_0      |               11 |             40 |
|  bin_maze_filt/genblk1[3].inst/h_reg[16]_i_2__2_n_0   |                                                                     | bin_maze_filt/genblk1[3].inst/h_reg[15]_i_2__2_n_0      |               10 |             40 |
|  bin_maze_filt/genblk1[4].inst/h_reg[16]_i_2__3_n_0   |                                                                     | bin_maze_filt/genblk1[4].inst/h_reg[15]_i_2__3_n_0      |               10 |             40 |
|  bin_maze_filt/genblk1[5].inst/h_reg[16]_i_2__4_n_0   |                                                                     | bin_maze_filt/genblk1[5].inst/h_reg[15]_i_2__4_n_0      |               10 |             40 |
|  bin_maze_filt/genblk1[6].inst/h_reg[16]_i_2__5_n_0   |                                                                     | bin_maze_filt/genblk1[6].inst/h_reg[15]_i_2__5_n_0      |               13 |             40 |
|  bin_maze_filt/genblk1[7].inst/h_reg[16]_i_2__6_n_0   |                                                                     | bin_maze_filt/genblk1[7].inst/h_reg[15]_i_2__6_n_0      |               15 |             40 |
|  bin_maze_filt/genblk1[16].inst/h_reg[16]_i_2__15_n_0 |                                                                     | bin_maze_filt/genblk1[16].inst/h_reg[15]_i_2__15_n_0    |                9 |             40 |
|  bin_maze_filt/genblk1[8].inst/h_reg[16]_i_2__7_n_0   |                                                                     | bin_maze_filt/genblk1[8].inst/h_reg[15]_i_2__7_n_0      |               11 |             40 |
|  bin_maze_filt/genblk1[9].inst/h_reg[16]_i_2__8_n_0   |                                                                     | bin_maze_filt/genblk1[9].inst/h_reg[15]_i_2__8_n_0      |                7 |             40 |
|  bin_maze_filt/genblk1[11].inst/h_reg[16]_i_2__10_n_0 |                                                                     | bin_maze_filt/genblk1[11].inst/h_reg[15]_i_2__10_n_0    |                9 |             40 |
|  bin_maze_filt/genblk1[12].inst/h_reg[16]_i_2__11_n_0 |                                                                     | bin_maze_filt/genblk1[12].inst/h_reg[15]_i_2__11_n_0    |               14 |             40 |
|  bin_maze_filt/genblk1[13].inst/h_reg[16]_i_2__12_n_0 |                                                                     | bin_maze_filt/genblk1[13].inst/h_reg[15]_i_2__12_n_0    |               12 |             40 |
|  bin_maze_filt/genblk1[14].inst/h_reg[16]_i_2__13_n_0 |                                                                     | bin_maze_filt/genblk1[14].inst/h_reg[15]_i_2__13_n_0    |               11 |             40 |
|  bin_maze_filt/genblk1[15].inst/h_reg[16]_i_2__14_n_0 |                                                                     | bin_maze_filt/genblk1[15].inst/h_reg[15]_i_2__14_n_0    |                8 |             40 |
|  bin_maze_filt/genblk1[17].inst/h_reg[16]_i_2__16_n_0 |                                                                     | bin_maze_filt/genblk1[17].inst/h_reg[15]_i_2__16_n_0    |                6 |             40 |
|  bin_maze_filt/genblk1[18].inst/h_reg[16]_i_2__17_n_0 |                                                                     | bin_maze_filt/genblk1[18].inst/h_reg[15]_i_2__17_n_0    |                9 |             40 |
|  pclk_in_BUFG                                         | db2/count                                                           | db2/count[0]_i_1__0_n_0                                 |                5 |             40 |
|  bin_maze_filt/genblk1[0].inst/h_reg[16]_i_2_n_0      |                                                                     | bin_maze_filt/genblk1[0].inst/h_reg[15]_i_2_n_0         |               12 |             40 |
|  clkdivider/inst/clk_out1                             | bin_maze_filt/genblk1[17].inst/max                                  |                                                         |                7 |             40 |
|  clkdivider/inst/clk_out1                             | bin_maze_filt/genblk1[18].inst/max                                  |                                                         |                6 |             40 |
|  clkdivider/inst/clk_out1                             | bin_maze_filt/genblk1[16].inst/max                                  |                                                         |                8 |             40 |
|  clkdivider/inst/clk_out1                             | bin_maze_filt/genblk1[8].inst/max                                   |                                                         |                7 |             40 |
|  clkdivider/inst/clk_out1                             | bin_maze_filt/genblk1[9].inst/max                                   |                                                         |                7 |             40 |
|  clkdivider/inst/clk_out1                             | bin_maze_filt/genblk1[6].inst/max                                   |                                                         |               10 |             40 |
|  clkdivider/inst/clk_out1                             | bin_maze_filt/genblk1[1].inst/max                                   |                                                         |                6 |             40 |
|  clkdivider/inst/clk_out1                             | bin_maze_filt/genblk1[5].inst/max                                   |                                                         |                8 |             40 |
|  clkdivider/inst/clk_out1                             | bin_maze_filt/genblk1[11].inst/max                                  |                                                         |                6 |             40 |
|  clkdivider/inst/clk_out1                             | bin_maze_filt/genblk1[12].inst/max                                  |                                                         |                8 |             40 |
|  clkdivider/inst/clk_out1                             | bin_maze_filt/genblk1[4].inst/max                                   |                                                         |                7 |             40 |
|  clkdivider/inst/clk_out1                             | bin_maze_filt/genblk1[0].inst/max                                   |                                                         |                6 |             40 |
|  clkdivider/inst/clk_out1                             | bin_maze_filt/genblk1[3].inst/max                                   |                                                         |                7 |             40 |
|  clkdivider/inst/clk_out1                             | bin_maze_filt/genblk1[14].inst/max                                  |                                                         |                7 |             40 |
|  clkdivider/inst/clk_out1                             | bin_maze_filt/genblk1[2].inst/max                                   |                                                         |                8 |             40 |
|  clkdivider/inst/clk_out1                             | bin_maze_filt/genblk1[13].inst/max                                  |                                                         |                9 |             40 |
|  clkdivider/inst/clk_out1                             | bin_maze_filt/genblk1[7].inst/max                                   |                                                         |                6 |             40 |
|  clkdivider/inst/clk_out1                             | bin_maze_filt/genblk1[15].inst/max                                  |                                                         |                7 |             40 |
|  clkdivider/inst/clk_out1                             | bin_maze_filt/genblk1[10].inst/max                                  |                                                         |                7 |             40 |
|  clkdivider/inst/clk_out1                             | db1/count                                                           | db1/count[0]_i_1_n_0                                    |                5 |             40 |
|  clkdivider/inst/clk_out1                             | bin_maze_filt/genblk1[2].inst/v_div1/divider_copy[14]_i_1__4_n_0    | bin_maze_filt/genblk1[2].inst/div_start                 |                6 |             44 |
|  clkdivider/inst/clk_out1                             | bin_maze_filt/genblk1[11].inst/v_div1/divider_copy[14]_i_1__22_n_0  | bin_maze_filt/genblk1[11].inst/div_start                |                7 |             44 |
|  clkdivider/inst/clk_out1                             | bin_maze_filt/genblk1[16].inst/v_div1/divider_copy[14]_i_1__32_n_0  | bin_maze_filt/genblk1[16].inst/div_start                |                6 |             44 |
|  clkdivider/inst/clk_out1                             | bin_maze_filt/genblk1[9].inst/v_div1/divider_copy[14]_i_1__18_n_0   | bin_maze_filt/genblk1[9].inst/div_start                 |                7 |             44 |
|  clkdivider/inst/clk_out1                             | bin_maze_filt/genblk1[10].inst/v_div1/divider_copy[14]_i_1__20_n_0  | bin_maze_filt/genblk1[10].inst/div_start                |                7 |             44 |
|  clkdivider/inst/clk_out1                             | bin_maze_filt/genblk1[1].inst/v_div1/divider_copy[14]_i_1__2_n_0    | bin_maze_filt/genblk1[1].inst/div_start                 |                7 |             44 |
|  clkdivider/inst/clk_out1                             | bin_maze_filt/genblk1[4].inst/v_div1/divider_copy[14]_i_1__8_n_0    | bin_maze_filt/genblk1[4].inst/div_start                 |                7 |             44 |
|  clkdivider/inst/clk_out1                             | bin_maze_filt/genblk1[14].inst/v_div1/divider_copy[14]_i_1__28_n_0  | bin_maze_filt/genblk1[14].inst/div_start                |                6 |             44 |
|  clkdivider/inst/clk_out1                             | bin_maze_filt/genblk1[15].inst/v_div1/divider_copy[14]_i_1__30_n_0  | bin_maze_filt/genblk1[15].inst/div_start                |                6 |             44 |
|  clkdivider/inst/clk_out1                             | bin_maze_filt/genblk1[8].inst/v_div1/divider_copy[14]_i_1__16_n_0   | bin_maze_filt/genblk1[8].inst/div_start                 |                7 |             44 |
|  clkdivider/inst/clk_out1                             | bin_maze_filt/genblk1[13].inst/v_div1/divider_copy[14]_i_1__26_n_0  | bin_maze_filt/genblk1[13].inst/div_start                |                6 |             44 |
|  clkdivider/inst/clk_out1                             | bin_maze_filt/genblk1[3].inst/v_div1/divider_copy[14]_i_1__6_n_0    | bin_maze_filt/genblk1[3].inst/div_start                 |                7 |             44 |
|  clkdivider/inst/clk_out1                             | bin_maze_filt/genblk1[0].inst/v_div1/divider_copy[14]_i_1__0_n_0    | bin_maze_filt/genblk1[0].inst/div_start                 |                7 |             44 |
|  clkdivider/inst/clk_out1                             | bin_maze_filt/genblk1[6].inst/v_div1/divider_copy[14]_i_1__12_n_0   | bin_maze_filt/genblk1[6].inst/div_start                 |                7 |             44 |
|  clkdivider/inst/clk_out1                             | bin_maze_filt/genblk1[18].inst/v_div1/divider_copy[14]_i_1__36_n_0  | bin_maze_filt/genblk1[18].inst/div_start                |                7 |             44 |
|  clkdivider/inst/clk_out1                             | bin_maze_filt/genblk1[7].inst/v_div1/divider_copy[14]_i_1__14_n_0   | bin_maze_filt/genblk1[7].inst/div_start                 |                6 |             44 |
|  clkdivider/inst/clk_out1                             | bin_maze_filt/genblk1[12].inst/v_div1/divider_copy[14]_i_1__24_n_0  | bin_maze_filt/genblk1[12].inst/div_start                |                7 |             44 |
|  clkdivider/inst/clk_out1                             | bin_maze_filt/genblk1[17].inst/v_div1/divider_copy[14]_i_1__34_n_0  | bin_maze_filt/genblk1[17].inst/div_start                |                8 |             44 |
|  clkdivider/inst/clk_out1                             | bin_maze_filt/genblk1[5].inst/v_div1/divider_copy[14]_i_1__10_n_0   | bin_maze_filt/genblk1[5].inst/div_start                 |                7 |             44 |
|  clkdivider/inst/clk_out1                             | bin_maze_filt/cycles[23]_i_2_n_0                                    | bin_maze_filt/cycles[23]_i_1_n_0                        |                7 |             48 |
|  clkdivider/inst/clk_out1                             | db1/E[0]                                                            |                                                         |               16 |             50 |
|  clkdivider/inst/clk_out1                             | bp_tracer/cur_pos[16]_i_1_n_0                                       |                                                         |               15 |             56 |
|  clkdivider/inst/clk_out1                             | bin_maze_filt/genblk1[17].inst/s_div1/dividend_copy[31]_i_1__51_n_0 |                                                         |                8 |             64 |
|  clkdivider/inst/clk_out1                             | bin_maze_filt/genblk1[10].inst/h_div1/dividend_copy[31]_i_1__29_n_0 |                                                         |                8 |             64 |
|  clkdivider/inst/clk_out1                             | bin_maze_filt/genblk1[10].inst/s_div1/dividend_copy[31]_i_1__30_n_0 |                                                         |                8 |             64 |
|  clkdivider/inst/clk_out1                             | bin_maze_filt/genblk1[10].inst/v_div1/dividend_copy[31]_i_1__31_n_0 |                                                         |                8 |             64 |
|  clkdivider/inst/clk_out1                             | bin_maze_filt/genblk1[0].inst/h_div1/dividend_copy[31]_i_1_n_0      |                                                         |                8 |             64 |
|  clkdivider/inst/clk_out1                             | bin_maze_filt/genblk1[14].inst/v_div1/dividend_copy[31]_i_1__43_n_0 |                                                         |                8 |             64 |
|  clkdivider/inst/clk_out1                             | bin_maze_filt/genblk1[4].inst/h_div1/dividend_copy[31]_i_1__11_n_0  |                                                         |                8 |             64 |
|  clkdivider/inst/clk_out1                             | bin_maze_filt/genblk1[15].inst/s_div1/dividend_copy[31]_i_1__45_n_0 |                                                         |                8 |             64 |
|  clkdivider/inst/clk_out1                             | bin_maze_filt/genblk1[18].inst/h_div1/dividend_copy[31]_i_1__53_n_0 |                                                         |                8 |             64 |
|  clkdivider/inst/clk_out1                             | bin_maze_filt/genblk1[18].inst/s_div1/dividend_copy[31]_i_1__54_n_0 |                                                         |                8 |             64 |
|  clkdivider/inst/clk_out1                             | bin_maze_filt/genblk1[2].inst/v_div1/dividend_copy[31]_i_1__7_n_0   |                                                         |                8 |             64 |
|  clkdivider/inst/clk_out1                             | bin_maze_filt/genblk1[18].inst/v_div1/dividend_copy[31]_i_1__55_n_0 |                                                         |                8 |             64 |
|  clkdivider/inst/clk_out1                             | bin_maze_filt/genblk1[2].inst/s_div1/dividend_copy[31]_i_1__6_n_0   |                                                         |                8 |             64 |
|  clkdivider/inst/clk_out1                             | bin_maze_filt/genblk1[15].inst/h_div1/dividend_copy[31]_i_1__44_n_0 |                                                         |                8 |             64 |
|  clkdivider/inst/clk_out1                             | bin_maze_filt/genblk1[2].inst/h_div1/dividend_copy[31]_i_1__5_n_0   |                                                         |                8 |             64 |
|  clkdivider/inst/clk_out1                             | bin_maze_filt/genblk1[1].inst/v_div1/dividend_copy[31]_i_1__4_n_0   |                                                         |                8 |             64 |
|  clkdivider/inst/clk_out1                             | bin_maze_filt/genblk1[15].inst/v_div1/dividend_copy[31]_i_1__46_n_0 |                                                         |                8 |             64 |
|  clkdivider/inst/clk_out1                             | bin_maze_filt/genblk1[17].inst/h_div1/dividend_copy[31]_i_1__50_n_0 |                                                         |                8 |             64 |
|  clkdivider/inst/clk_out1                             | bin_maze_filt/genblk1[1].inst/s_div1/dividend_copy[31]_i_1__3_n_0   |                                                         |                8 |             64 |
|  clkdivider/inst/clk_out1                             | bin_maze_filt/genblk1[7].inst/v_div1/dividend_copy[31]_i_1__22_n_0  |                                                         |                8 |             64 |
|  clkdivider/inst/clk_out1                             | bin_maze_filt/genblk1[7].inst/s_div1/dividend_copy[31]_i_1__21_n_0  |                                                         |                8 |             64 |
|  clkdivider/inst/clk_out1                             | bin_maze_filt/genblk1[11].inst/v_div1/dividend_copy[31]_i_1__34_n_0 |                                                         |                8 |             64 |
|  clkdivider/inst/clk_out1                             | bin_maze_filt/genblk1[5].inst/v_div1/dividend_copy[31]_i_1__16_n_0  |                                                         |                8 |             64 |
|  clkdivider/inst/clk_out1                             | bin_maze_filt/genblk1[9].inst/v_div1/dividend_copy[31]_i_1__28_n_0  |                                                         |                8 |             64 |
|  clkdivider/inst/clk_out1                             | bin_maze_filt/genblk1[12].inst/h_div1/dividend_copy[31]_i_1__35_n_0 |                                                         |                8 |             64 |
|  clkdivider/inst/clk_out1                             | bin_maze_filt/genblk1[8].inst/h_div1/dividend_copy[31]_i_1__23_n_0  |                                                         |                8 |             64 |
|  clkdivider/inst/clk_out1                             | bin_maze_filt/genblk1[8].inst/s_div1/dividend_copy[31]_i_1__24_n_0  |                                                         |                8 |             64 |
|  clkdivider/inst/clk_out1                             | bin_maze_filt/genblk1[12].inst/s_div1/dividend_copy[31]_i_1__36_n_0 |                                                         |                8 |             64 |
|  clkdivider/inst/clk_out1                             | bin_maze_filt/genblk1[12].inst/v_div1/dividend_copy[31]_i_1__37_n_0 |                                                         |                8 |             64 |
|  clkdivider/inst/clk_out1                             | bin_maze_filt/genblk1[5].inst/s_div1/dividend_copy[31]_i_1__15_n_0  |                                                         |                8 |             64 |
|  clkdivider/inst/clk_out1                             | bin_maze_filt/genblk1[9].inst/s_div1/dividend_copy[31]_i_1__27_n_0  |                                                         |                8 |             64 |
|  clkdivider/inst/clk_out1                             | bin_maze_filt/genblk1[3].inst/s_div1/dividend_copy[31]_i_1__9_n_0   |                                                         |                8 |             64 |
|  clkdivider/inst/clk_out1                             | bin_maze_filt/genblk1[13].inst/s_div1/dividend_copy[31]_i_1__39_n_0 |                                                         |                8 |             64 |
|  clkdivider/inst/clk_out1                             | bin_maze_filt/genblk1[9].inst/h_div1/dividend_copy[31]_i_1__26_n_0  |                                                         |                8 |             64 |
|  clkdivider/inst/clk_out1                             | bin_maze_filt/genblk1[3].inst/h_div1/dividend_copy[31]_i_1__8_n_0   |                                                         |                8 |             64 |
|  clkdivider/inst/clk_out1                             | bin_maze_filt/genblk1[5].inst/h_div1/dividend_copy[31]_i_1__14_n_0  |                                                         |                8 |             64 |
|  clkdivider/inst/clk_out1                             | bin_maze_filt/genblk1[8].inst/v_div1/dividend_copy[31]_i_1__25_n_0  |                                                         |                8 |             64 |
|  clkdivider/inst/clk_out1                             | bin_maze_filt/genblk1[13].inst/h_div1/dividend_copy[31]_i_1__38_n_0 |                                                         |                8 |             64 |
|  clkdivider/inst/clk_out1                             | bin_maze_filt/genblk1[6].inst/h_div1/dividend_copy[31]_i_1__17_n_0  |                                                         |                8 |             64 |
|  clkdivider/inst/clk_out1                             | bin_maze_filt/genblk1[13].inst/v_div1/dividend_copy[31]_i_1__40_n_0 |                                                         |                8 |             64 |
|  clkdivider/inst/clk_out1                             | bin_maze_filt/genblk1[4].inst/v_div1/dividend_copy[31]_i_1__13_n_0  |                                                         |                8 |             64 |
|  clkdivider/inst/clk_out1                             | bin_maze_filt/genblk1[7].inst/h_div1/dividend_copy[31]_i_1__20_n_0  |                                                         |                8 |             64 |
|  clkdivider/inst/clk_out1                             | bin_maze_filt/genblk1[14].inst/h_div1/dividend_copy[31]_i_1__41_n_0 |                                                         |                8 |             64 |
|  clkdivider/inst/clk_out1                             | bin_maze_filt/genblk1[6].inst/v_div1/dividend_copy[31]_i_1__19_n_0  |                                                         |                8 |             64 |
|  clkdivider/inst/clk_out1                             | bin_maze_filt/genblk1[0].inst/s_div1/dividend_copy[31]_i_1__0_n_0   |                                                         |                8 |             64 |
|  clkdivider/inst/clk_out1                             | bin_maze_filt/genblk1[16].inst/v_div1/dividend_copy[31]_i_1__49_n_0 |                                                         |                8 |             64 |
|  clkdivider/inst/clk_out1                             | bin_maze_filt/genblk1[17].inst/v_div1/dividend_copy[31]_i_1__52_n_0 |                                                         |                8 |             64 |
|  clkdivider/inst/clk_out1                             | bin_maze_filt/genblk1[1].inst/h_div1/dividend_copy[31]_i_1__2_n_0   |                                                         |                8 |             64 |
|  clkdivider/inst/clk_out1                             | bin_maze_filt/genblk1[16].inst/h_div1/dividend_copy[31]_i_1__47_n_0 |                                                         |                8 |             64 |
|  clkdivider/inst/clk_out1                             | bin_maze_filt/genblk1[16].inst/s_div1/dividend_copy[31]_i_1__48_n_0 |                                                         |                8 |             64 |
|  clkdivider/inst/clk_out1                             | bin_maze_filt/genblk1[0].inst/v_div1/dividend_copy[31]_i_1__1_n_0   |                                                         |                8 |             64 |
|  clkdivider/inst/clk_out1                             | bin_maze_filt/genblk1[11].inst/h_div1/dividend_copy[31]_i_1__32_n_0 |                                                         |                8 |             64 |
|  clkdivider/inst/clk_out1                             | bin_maze_filt/genblk1[6].inst/s_div1/dividend_copy[31]_i_1__18_n_0  |                                                         |                8 |             64 |
|  clkdivider/inst/clk_out1                             | bin_maze_filt/genblk1[14].inst/s_div1/dividend_copy[31]_i_1__42_n_0 |                                                         |                8 |             64 |
|  clkdivider/inst/clk_out1                             | bin_maze_filt/genblk1[3].inst/v_div1/dividend_copy[31]_i_1__10_n_0  |                                                         |                8 |             64 |
|  clkdivider/inst/clk_out1                             | bin_maze_filt/genblk1[11].inst/s_div1/dividend_copy[31]_i_1__33_n_0 |                                                         |                8 |             64 |
|  clkdivider/inst/clk_out1                             | bin_maze_filt/genblk1[4].inst/s_div1/dividend_copy[31]_i_1__12_n_0  |                                                         |                8 |             64 |
|  clkdivider/inst/clk_out1                             | nolabel_line232/E[0]                                                |                                                         |               15 |             68 |
|  clkdivider/inst/clk_out1                             | bin_maze_filt/genblk1[7].inst/h_div1/E[0]                           | bin_maze_filt/genblk1[7].inst/div_start                 |               11 |             72 |
|  clkdivider/inst/clk_out1                             | bin_maze_filt/genblk1[5].inst/h_div1/E[0]                           | bin_maze_filt/genblk1[5].inst/div_start                 |               12 |             72 |
|  clkdivider/inst/clk_out1                             | bin_maze_filt/genblk1[8].inst/h_div1/E[0]                           | bin_maze_filt/genblk1[8].inst/div_start                 |               10 |             72 |
|  clkdivider/inst/clk_out1                             | bin_maze_filt/genblk1[16].inst/h_div1/E[0]                          | bin_maze_filt/genblk1[16].inst/div_start                |               11 |             72 |
|  clkdivider/inst/clk_out1                             | bin_maze_filt/genblk1[17].inst/h_div1/E[0]                          | bin_maze_filt/genblk1[17].inst/div_start                |               12 |             72 |
|  clkdivider/inst/clk_out1                             | bin_maze_filt/genblk1[15].inst/h_div1/E[0]                          | bin_maze_filt/genblk1[15].inst/div_start                |               13 |             72 |
|  clkdivider/inst/clk_out1                             | bin_maze_filt/genblk1[2].inst/h_div1/E[0]                           | bin_maze_filt/genblk1[2].inst/div_start                 |               11 |             72 |
|  clkdivider/inst/clk_out1                             | bin_maze_filt/genblk1[3].inst/h_div1/E[0]                           | bin_maze_filt/genblk1[3].inst/div_start                 |               10 |             72 |
|  clkdivider/inst/clk_out1                             | bin_maze_filt/genblk1[6].inst/h_div1/E[0]                           | bin_maze_filt/genblk1[6].inst/div_start                 |               12 |             72 |
|  clkdivider/inst/clk_out1                             | bin_maze_filt/genblk1[18].inst/h_div1/E[0]                          | bin_maze_filt/genblk1[18].inst/div_start                |               11 |             72 |
|  clkdivider/inst/clk_out1                             | bin_maze_filt/genblk1[11].inst/h_div1/E[0]                          | bin_maze_filt/genblk1[11].inst/div_start                |               10 |             72 |
|  clkdivider/inst/clk_out1                             | bin_maze_filt/genblk1[13].inst/h_div1/E[0]                          | bin_maze_filt/genblk1[13].inst/div_start                |               12 |             72 |
|  clkdivider/inst/clk_out1                             | bin_maze_filt/genblk1[1].inst/h_div1/E[0]                           | bin_maze_filt/genblk1[1].inst/div_start                 |               11 |             72 |
|  clkdivider/inst/clk_out1                             | bin_maze_filt/genblk1[10].inst/h_div1/E[0]                          | bin_maze_filt/genblk1[10].inst/div_start                |               12 |             72 |
|  clkdivider/inst/clk_out1                             | bin_maze_filt/genblk1[9].inst/h_div1/E[0]                           | bin_maze_filt/genblk1[9].inst/div_start                 |               11 |             72 |
|  clkdivider/inst/clk_out1                             | bin_maze_filt/genblk1[12].inst/h_div1/E[0]                          | bin_maze_filt/genblk1[12].inst/div_start                |               11 |             72 |
|  clkdivider/inst/clk_out1                             | bin_maze_filt/genblk1[0].inst/h_div1/E[0]                           | bin_maze_filt/genblk1[0].inst/div_start                 |               10 |             72 |
|  clkdivider/inst/clk_out1                             | bin_maze_filt/genblk1[4].inst/h_div1/E[0]                           | bin_maze_filt/genblk1[4].inst/div_start                 |               11 |             72 |
|  clkdivider/inst/clk_out1                             | bin_maze_filt/genblk1[14].inst/h_div1/E[0]                          | bin_maze_filt/genblk1[14].inst/div_start                |               10 |             72 |
|  clkdivider/inst/clk_out1                             | maze_solver/neighbors[3][7]_i_1_n_0                                 |                                                         |               11 |             98 |
|  clkdivider/inst/clk_out1                             |                                                                     | db1/reset                                               |              136 |           1034 |
|  clkdivider/inst/clk_out1                             |                                                                     |                                                         |              290 |           1362 |
+-------------------------------------------------------+---------------------------------------------------------------------+---------------------------------------------------------+------------------+----------------+


